
> blind-vault@0.1.0 build
> next build

Γû▓ Next.js 16.1.6 (Turbopack)
- Environments: .env.local

  Creating an optimized production build ...
node.exe : 
At line:1 char:1
+ & "C:\Program 
Files\nodejs/node.exe" 
"C:\Program 
Files\nodejs/node_mo 
...
+ ~~~~~~~~~~~~~~~~~~~~~
~~~~~~~~~~~~~~~~~~~~~~~
~~~~~~~~~~~~~~~~~~~~~~~
~~
    + CategoryInfo     
         : NotSpecifi  
  ed: (:String) [],    
 RemoteException
    + FullyQualifiedEr 
   rorId : NativeComm  
  andError
 
> Build error occurred
Error: Turbopack build 
failed with 7 errors:
./src/lib/utils.ts:1:1
Module not found: 
Can't resolve 'clsx'
[0m[31m[1m>[22m[39
m[90m 1 |[39m 
[36mimport[39m clsx 
[36mfrom[39m 
[32m'clsx'[39m
 [90m   |[39m [31m[
1m^[22m[39m[31m[1m^
[22m[39m[31m[1m^[2
2m[39m[31m[1m^[22m
[39m[31m[1m^[22m[39
m[31m[1m^[22m[39m[
31m[1m^[22m[39m[31m
[1m^[22m[39m[31m[1
m^[22m[39m[31m[1m^
[22m[39m[31m[1m^[22
m[39m[31m[1m^[22m[
39m[31m[1m^[22m[39m
[31m[1m^[22m[39m[3
1m[1m^[22m[39m[31m
[1m^[22m[39m[31m[1m
^[22m[39m[31m[1m^[
22m[39m[31m[1m^[22m
[39m[31m[1m^[22m[3
9m[31m[1m^[22m[39m
[31m[1m^[22m[39m[31
m[1m^[22m[39m
 [90m 2 |[39m 
[36mimport[39m { 
twMerge } 
[36mfrom[39m [32m'ta
ilwind-merge'[39m
 [90m 3 |[39m
 [90m 4 |[39m 
[36mexport[39m 
[36mfunction[39m cn(
[33m...[39minputs[33m
:[39m (string 
[33m|[39m undefined 
[33m|[39m 
[36mnull[39m 
[33m|[39m 
[36mfalse[39m)[]) 
{[0m



Import traces:
  Client Component 
Browser:
    ./src/lib/utils.ts 
[Client Component 
Browser]
    ./src/components/up
loader.tsx [Client 
Component Browser]
    ./src/components/up
loader.tsx [Server 
Component]
    ./src/app/page.tsx 
[Server Component]

  Client Component SSR:
    ./src/lib/utils.ts 
[Client Component SSR]
    ./src/components/up
loader.tsx [Client 
Component SSR]
    ./src/components/up
loader.tsx [Server 
Component]
    ./src/app/page.tsx 
[Server Component]

https://nextjs.org/docs
/messages/module-not-fo
und


./src/components/upload
er.tsx:6:1
Module not found: 
Can't resolve 
'lucide-react'
[0m [90m 4 |[39m 
[36mimport[39m { 
useDropzone[33m,[39m 
[33mFileRejection[39m
 } [36mfrom[39m [32m
"react-dropzone"[39m
 [90m 5 |[39m 
[36mimport[39m { 
motion[33m,[39m [33m
AnimatePresence[39m } 
[36mfrom[39m [32m"fr
amer-motion"[39m
[31m[1m>[22m[39m[9
0m 6 |[39m 
[36mimport[39m { [33
mLock[39m[33m,[39m 
[33mFile[39m 
[36mas[39m [33mFileI
con[39m[33m,[39m 
[33mLink[39m 
[36mas[39m [33mLinkI
con[39m[33m,[39m [3
3mUploadCloud[39m[33m
,[39m 
[33mX[39m[33m,[39m 
[33mPlus[39m[33m,[3
9m [33mMusic[39m[33m
,[39m [33mImage[39m 
[36mas[39m [33mImage
Icon[39m[33m,[39m [
33mArchive[39m[33m,[
39m [33mFileText[39m
[33m,[39m [33mCheckCi
rcle2[39m[33m,[39m 
[33mHistory[39m[33m,
[39m 
[33mExternalLink[39m 
} [36mfrom[39m [32m"
lucide-react"[39m
 [90m   |[39m [31m[
1m^[22m[39m[31m[1m^
[22m[39m[31m[1m^[2
2m[39m[31m[1m^[22m
[39m[31m[1m^[22m[39
m[31m[1m^[22m[39m[
31m[1m^[22m[39m[31m
[1m^[22m[39m[31m[1
m^[22m[39m[31m[1m^
[22m[39m[31m[1m^[22
m[39m[31m[1m^[22m[
39m[31m[1m^[22m[39m
[31m[1m^[22m[39m[3
1m[1m^[22m[39m[31m
[1m^[22m[39m[31m[1m
^[22m[39m[31m[1m^[
22m[39m[31m[1m^[22m
[39m[31m[1m^[22m[3
9m[31m[1m^[22m[39m
[31m[1m^[22m[39m[31
m[1m^[22m[39m[31m[
1m^[22m[39m[31m[1m^
[22m[39m[31m[1m^[2
2m[39m[31m[1m^[22m
[39m[31m[1m^[22m[39
m[31m[1m^[22m[39m[
31m[1m^[22m[39m[31m
[1m^[22m[39m[31m[1
m^[22m[39m[31m[1m^
[22m[39m[31m[1m^[22
m[39m[31m[1m^[22m[
39m[31m[1m^[22m[39m
[31m[1m^[22m[39m[3
1m[1m^[22m[39m[31m
[1m^[22m[39m[31m[1m
^[22m[39m[31m[1m^[
22m[39m[31m[1m^[22m
[39m[31m[1m^[22m[3
9m[31m[1m^[22m[39m
[31m[1m^[22m[39m[31
m[1m^[22m[39m[31m[
1m^[22m[39m[31m[1m^
[22m[39m[31m[1m^[2
2m[39m[31m[1m^[22m
[39m[31m[1m^[22m[39
m[31m[1m^[22m[39m[
31m[1m^[22m[39m[31m
[1m^[22m[39m[31m[1
m^[22m[39m[31m[1m^
[22m[39m[31m[1m^[22
m[39m[31m[1m^[22m[
39m[31m[1m^[22m[39m
[31m[1m^[22m[39m[3
1m[1m^[22m[39m[31m
[1m^[22m[39m[31m[1m
^[22m[39m[31m[1m^[
22m[39m[31m[1m^[22m
[39m[31m[1m^[22m[3
9m[31m[1m^[22m[39m
[31m[1m^[22m[39m[31
m[1m^[22m[39m[31m[
1m^[22m[39m[31m[1m^
[22m[39m[31m[1m^[2
2m[39m[31m[1m^[22m
[39m[31m[1m^[22m[39
m[31m[1m^[22m[39m[
31m[1m^[22m[39m[31m
[1m^[22m[39m[31m[1
m^[22m[39m[31m[1m^
[22m[39m[31m[1m^[22
m[39m[31m[1m^[22m[
39m[31m[1m^[22m[39m
[31m[1m^[22m[39m[3
1m[1m^[22m[39m[31m
[1m^[22m[39m[31m[1m
^[22m[39m[31m[1m^[
22m[39m[31m[1m^[22m
[39m[31m[1m^[22m[3
9m[31m[1m^[22m[39m
[31m[1m^[22m[39m[31
m[1m^[22m[39m[31m[
1m^[22m[39m[31m[1m^
[22m[39m[31m[1m^[2
2m[39m[31m[1m^[22m
[39m[31m[1m^[22m[39
m[31m[1m^[22m[39m[
31m[1m^[22m[39m[31m
[1m^[22m[39m[31m[1
m^[22m[39m[31m[1m^
[22m[39m[31m[1m^[22
m[39m[31m[1m^[22m[
39m[31m[1m^[22m[39m
[31m[1m^[22m[39m[3
1m[1m^[22m[39m[31m
[1m^[22m[39m[31m[1m
^[22m[39m[31m[1m^[
22m[39m[31m[1m^[22m
[39m[31m[1m^[22m[3
9m[31m[1m^[22m[39m
[31m[1m^[22m[39m[31
m[1m^[22m[39m[31m[
1m^[22m[39m[31m[1m^
[22m[39m[31m[1m^[2
2m[39m[31m[1m^[22m
[39m[31m[1m^[22m[39
m[31m[1m^[22m[39m[
31m[1m^[22m[39m[31m
[1m^[22m[39m[31m[1
m^[22m[39m[31m[1m^
[22m[39m[31m[1m^[22
m[39m[31m[1m^[22m[
39m[31m[1m^[22m[39m
[31m[1m^[22m[39m[3
1m[1m^[22m[39m[31m
[1m^[22m[39m[31m[1m
^[22m[39m[31m[1m^[
22m[39m[31m[1m^[22m
[39m[31m[1m^[22m[3
9m[31m[1m^[22m[39m
[31m[1m^[22m[39m[31
m[1m^[22m[39m[31m[
1m^[22m[39m[31m[1m^
[22m[39m[31m[1m^[2
2m[39m[31m[1m^[22m
[39m[31m[1m^[22m[39
m[31m[1m^[22m[39m[
31m[1m^[22m[39m[31m
[1m^[22m[39m[31m[1
m^[22m[39m[31m[1m^
[22m[39m[31m[1m^[22
m[39m[31m[1m^[22m[
39m[31m[1m^[22m[39m
[31m[1m^[22m[39m[3
1m[1m^[22m[39m[31m
[1m^[22m[39m[31m[1m
^[22m[39m[31m[1m^[
22m[39m[31m[1m^[22m
[39m[31m[1m^[22m[3
9m[31m[1m^[22m[39m
[31m[1m^[22m[39m[31
m[1m^[22m[39m[31m[
1m^[22m[39m[31m[1m^
[22m[39m[31m[1m^[2
2m[39m[31m[1m^[22m
[39m[31m[1m^[22m[39
m[31m[1m^[22m[39m[
31m[1m^[22m[39m[31m
[1m^[22m[39m[31m[1
m^[22m[39m[31m[1m^
[22m[39m[31m[1m^[22
m[39m[31m[1m^[22m[
39m[31m[1m^[22m[39m
[31m[1m^[22m[39m[3
1m[1m^[22m[39m
 [90m 7 |[39m 
[36mimport[39m { 
toast } [36mfrom[39m 
[32m"sonner"[39m
 [90m 8 |[39m 
[36mimport[39m 
[33mLink[39m 
[36mfrom[39m 
[32m"next/link"[39m
 [90m 9 |[39m[0m



Import trace:
  Server Component:
    ./src/components/up
loader.tsx
    ./src/app/page.tsx

https://nextjs.org/docs
/messages/module-not-fo
und


./src/components/vault-
viewer.tsx:5:1
Module not found: 
Can't resolve 
'lucide-react'
[0m [90m 3 |[39m 
[36mimport[39m { 
useState } 
[36mfrom[39m 
[32m"react"[39m
 [90m 4 |[39m 
[36mimport[39m { 
motion } 
[36mfrom[39m [32m"fr
amer-motion"[39m
[31m[1m>[22m[39m[9
0m 5 |[39m 
[36mimport[39m { [33
mLock[39m[33m,[39m 
[33mUnlock[39m[33m,[
39m [33mLink[39m 
[36mas[39m [33mLinkI
con[39m[33m,[39m [3
3mDownload[39m[33m,[
39m [33mMusic[39m[33
m,[39m 
[33mImage[39m 
[36mas[39m [33mImage
Icon[39m[33m,[39m [
33mArchive[39m[33m,[
39m [33mFileText[39m
[33m,[39m [33mExterna
lLink[39m[33m,[39m 
[33mShieldAlert[39m[3
3m,[39m 
[33mTrash2[39m } 
[36mfrom[39m [32m"lu
cide-react"[39m
 [90m   |[39m [31m[
1m^[22m[39m[31m[1m^
[22m[39m[31m[1m^[2
2m[39m[31m[1m^[22m
[39m[31m[1m^[22m[39
m[31m[1m^[22m[39m[
31m[1m^[22m[39m[31m
[1m^[22m[39m[31m[1
m^[22m[39m[31m[1m^
[22m[39m[31m[1m^[22
m[39m[31m[1m^[22m[
39m[31m[1m^[22m[39m
[31m[1m^[22m[39m[3
1m[1m^[22m[39m[31m
[1m^[22m[39m[31m[1m
^[22m[39m[31m[1m^[
22m[39m[31m[1m^[22m
[39m[31m[1m^[22m[3
9m[31m[1m^[22m[39m
[31m[1m^[22m[39m[31
m[1m^[22m[39m[31m[
1m^[22m[39m[31m[1m^
[22m[39m[31m[1m^[2
2m[39m[31m[1m^[22m
[39m[31m[1m^[22m[39
m[31m[1m^[22m[39m[
31m[1m^[22m[39m[31m
[1m^[22m[39m[31m[1
m^[22m[39m[31m[1m^
[22m[39m[31m[1m^[22
m[39m[31m[1m^[22m[
39m[31m[1m^[22m[39m
[31m[1m^[22m[39m[3
1m[1m^[22m[39m[31m
[1m^[22m[39m[31m[1m
^[22m[39m[31m[1m^[
22m[39m[31m[1m^[22m
[39m[31m[1m^[22m[3
9m[31m[1m^[22m[39m
[31m[1m^[22m[39m[31
m[1m^[22m[39m[31m[
1m^[22m[39m[31m[1m^
[22m[39m[31m[1m^[2
2m[39m[31m[1m^[22m
[39m[31m[1m^[22m[39
m[31m[1m^[22m[39m[
31m[1m^[22m[39m[31m
[1m^[22m[39m[31m[1
m^[22m[39m[31m[1m^
[22m[39m[31m[1m^[22
m[39m[31m[1m^[22m[
39m[31m[1m^[22m[39m
[31m[1m^[22m[39m[3
1m[1m^[22m[39m[31m
[1m^[22m[39m[31m[1m
^[22m[39m[31m[1m^[
22m[39m[31m[1m^[22m
[39m[31m[1m^[22m[3
9m[31m[1m^[22m[39m
[31m[1m^[22m[39m[31
m[1m^[22m[39m[31m[
1m^[22m[39m[31m[1m^
[22m[39m[31m[1m^[2
2m[39m[31m[1m^[22m
[39m[31m[1m^[22m[39
m[31m[1m^[22m[39m[
31m[1m^[22m[39m[31m
[1m^[22m[39m[31m[1
m^[22m[39m[31m[1m^
[22m[39m[31m[1m^[22
m[39m[31m[1m^[22m[
39m[31m[1m^[22m[39m
[31m[1m^[22m[39m[3
1m[1m^[22m[39m[31m
[1m^[22m[39m[31m[1m
^[22m[39m[31m[1m^[
22m[39m[31m[1m^[22m
[39m[31m[1m^[22m[3
9m[31m[1m^[22m[39m
[31m[1m^[22m[39m[31
m[1m^[22m[39m[31m[
1m^[22m[39m[31m[1m^
[22m[39m[31m[1m^[2
2m[39m[31m[1m^[22m
[39m[31m[1m^[22m[39
m[31m[1m^[22m[39m[
31m[1m^[22m[39m[31m
[1m^[22m[39m[31m[1
m^[22m[39m[31m[1m^
[22m[39m[31m[1m^[22
m[39m[31m[1m^[22m[
39m[31m[1m^[22m[39m
[31m[1m^[22m[39m[3
1m[1m^[22m[39m[31m
[1m^[22m[39m[31m[1m
^[22m[39m[31m[1m^[
22m[39m[31m[1m^[22m
[39m[31m[1m^[22m[3
9m[31m[1m^[22m[39m
[31m[1m^[22m[39m[31
m[1m^[22m[39m[31m[
1m^[22m[39m[31m[1m^
[22m[39m[31m[1m^[2
2m[39m[31m[1m^[22m
[39m[31m[1m^[22m[39
m[31m[1m^[22m[39m[
31m[1m^[22m[39m[31m
[1m^[22m[39m[31m[1
m^[22m[39m[31m[1m^
[22m[39m[31m[1m^[22
m[39m[31m[1m^[22m[
39m[31m[1m^[22m[39m
[31m[1m^[22m[39m[3
1m[1m^[22m[39m[31m
[1m^[22m[39m[31m[1m
^[22m[39m[31m[1m^[
22m[39m[31m[1m^[22m
[39m[31m[1m^[22m[3
9m[31m[1m^[22m[39m
[31m[1m^[22m[39m[31
m[1m^[22m[39m[31m[
1m^[22m[39m[31m[1m^
[22m[39m[31m[1m^[2
2m[39m[31m[1m^[22m
[39m[31m[1m^[22m[39
m[31m[1m^[22m[39m[
31m[1m^[22m[39m[31m
[1m^[22m[39m[31m[1
m^[22m[39m[31m[1m^
[22m[39m[31m[1m^[22
m[39m[31m[1m^[22m[
39m[31m[1m^[22m[39m
[31m[1m^[22m[39m
 [90m 6 |[39m 
[36mimport[39m { 
toast } [36mfrom[39m 
[32m"sonner"[39m
 [90m 7 |[39m 
[36mimport[39m { unlo
ckVaultAction[33m,[39
m deleteVaultAction } 
[36mfrom[39m [32m"@/
app/actions/vault"[39m
 [90m 8 |[39m 
[36mimport[39m { cn 
} [36mfrom[39m [32m"
@/lib/utils"[39m[0m



Import trace:
  Server Component:
    ./src/components/va
ult-viewer.tsx
    ./src/app/v/[slug]/
page.tsx

https://nextjs.org/docs
/messages/module-not-fo
und


./src/components/upload
er.tsx:4:1
Module not found: 
Can't resolve 
'react-dropzone'
[0m [90m 2 |[39m
 [90m 3 |[39m 
[36mimport[39m { 
useState[33m,[39m 
useCallback[33m,[39m 
useEffect } 
[36mfrom[39m 
[32m"react"[39m
[31m[1m>[22m[39m[9
0m 4 |[39m 
[36mimport[39m { 
useDropzone[33m,[39m 
[33mFileRejection[39m
 } [36mfrom[39m [32m
"react-dropzone"[39m
 [90m   |[39m [31m[
1m^[22m[39m[31m[1m^
[22m[39m[31m[1m^[2
2m[39m[31m[1m^[22m
[39m[31m[1m^[22m[39
m[31m[1m^[22m[39m[
31m[1m^[22m[39m[31m
[1m^[22m[39m[31m[1
m^[22m[39m[31m[1m^
[22m[39m[31m[1m^[22
m[39m[31m[1m^[22m[
39m[31m[1m^[22m[39m
[31m[1m^[22m[39m[3
1m[1m^[22m[39m[31m
[1m^[22m[39m[31m[1m
^[22m[39m[31m[1m^[
22m[39m[31m[1m^[22m
[39m[31m[1m^[22m[3
9m[31m[1m^[22m[39m
[31m[1m^[22m[39m[31
m[1m^[22m[39m[31m[
1m^[22m[39m[31m[1m^
[22m[39m[31m[1m^[2
2m[39m[31m[1m^[22m
[39m[31m[1m^[22m[39
m[31m[1m^[22m[39m[
31m[1m^[22m[39m[31m
[1m^[22m[39m[31m[1
m^[22m[39m[31m[1m^
[22m[39m[31m[1m^[22
m[39m[31m[1m^[22m[
39m[31m[1m^[22m[39m
[31m[1m^[22m[39m[3
1m[1m^[22m[39m[31m
[1m^[22m[39m[31m[1m
^[22m[39m[31m[1m^[
22m[39m[31m[1m^[22m
[39m[31m[1m^[22m[3
9m[31m[1m^[22m[39m
[31m[1m^[22m[39m[31
m[1m^[22m[39m[31m[
1m^[22m[39m[31m[1m^
[22m[39m[31m[1m^[2
2m[39m[31m[1m^[22m
[39m[31m[1m^[22m[39
m[31m[1m^[22m[39m[
31m[1m^[22m[39m[31m
[1m^[22m[39m[31m[1
m^[22m[39m[31m[1m^
[22m[39m[31m[1m^[22
m[39m[31m[1m^[22m[
39m[31m[1m^[22m[39m
 [90m 5 |[39m 
[36mimport[39m { 
motion[33m,[39m [33m
AnimatePresence[39m } 
[36mfrom[39m [32m"fr
amer-motion"[39m
 [90m 6 |[39m 
[36mimport[39m { [33
mLock[39m[33m,[39m 
[33mFile[39m 
[36mas[39m [33mFileI
con[39m[33m,[39m 
[33mLink[39m 
[36mas[39m [33mLinkI
con[39m[33m,[39m [3
3mUploadCloud[39m[33m
,[39m 
[33mX[39m[33m,[39m 
[33mPlus[39m[33m,[3
9m [33mMusic[39m[33m
,[39m [33mImage[39m 
[36mas[39m [33mImage
Icon[39m[33m,[39m [
33mArchive[39m[33m,[
39m [33mFileText[39m
[33m,[39m [33mCheckCi
rcle2[39m[33m,[39m 
[33mHistory[39m[33m,
[39m 
[33mExternalLink[39m 
} [36mfrom[39m [32m"
lucide-react"[39m
 [90m 7 |[39m 
[36mimport[39m { 
toast } [36mfrom[39m 
[32m"sonner"[39m[0m



Import trace:
  Server Component:
    ./src/components/up
loader.tsx
    ./src/app/page.tsx

https://nextjs.org/docs
/messages/module-not-fo
und


./src/app/layout.tsx:3:
1
Module not found: 
Can't resolve 'sonner'
[0m [90m 1 |[39m 
[36mimport[39m type 
{ [33mMetadata[39m } 
[36mfrom[39m [32m"ne
xt"[39m[33m;[39m
 [90m 2 |[39m 
[36mimport[39m { [33
mGeist[39m[33m,[39m 
[33mGeist_Mono[39m } 
[36mfrom[39m [32m"ne
xt/font/google"[39m[3
3m;[39m
[31m[1m>[22m[39m[9
0m 3 |[39m 
[36mimport[39m { 
[33mToaster[39m } 
[36mfrom[39m [32m"so
nner"[39m[33m;[39m
 [90m   |[39m [31m[
1m^[22m[39m[31m[1m^
[22m[39m[31m[1m^[2
2m[39m[31m[1m^[22m
[39m[31m[1m^[22m[39
m[31m[1m^[22m[39m[
31m[1m^[22m[39m[31m
[1m^[22m[39m[31m[1
m^[22m[39m[31m[1m^
[22m[39m[31m[1m^[22
m[39m[31m[1m^[22m[
39m[31m[1m^[22m[39m
[31m[1m^[22m[39m[3
1m[1m^[22m[39m[31m
[1m^[22m[39m[31m[1m
^[22m[39m[31m[1m^[
22m[39m[31m[1m^[22m
[39m[31m[1m^[22m[3
9m[31m[1m^[22m[39m
[31m[1m^[22m[39m[31
m[1m^[22m[39m[31m[
1m^[22m[39m[31m[1m^
[22m[39m[31m[1m^[2
2m[39m[31m[1m^[22m
[39m[31m[1m^[22m[39
m[31m[1m^[22m[39m[
31m[1m^[22m[39m[31m
[1m^[22m[39m[31m[1
m^[22m[39m[31m[1m^
[22m[39m
 [90m 4 |[39m 
[36mimport[39m [32m"
./globals.css"[39m[33
m;[39m
 [90m 5 |[39m
 [90m 6 |[39m 
[36mconst[39m 
geistSans [33m=[39m 
[33mGeist[39m({[0m



https://nextjs.org/docs
/messages/module-not-fo
und


./src/components/upload
er.tsx:7:1
Module not found: 
Can't resolve 'sonner'
[0m [90m  5 |[39m 
[36mimport[39m { 
motion[33m,[39m [33m
AnimatePresence[39m } 
[36mfrom[39m [32m"fr
amer-motion"[39m
 [90m  6 |[39m 
[36mimport[39m { [33
mLock[39m[33m,[39m 
[33mFile[39m 
[36mas[39m [33mFileI
con[39m[33m,[39m 
[33mLink[39m 
[36mas[39m [33mLinkI
con[39m[33m,[39m [3
3mUploadCloud[39m[33m
,[39m 
[33mX[39m[33m,[39m 
[33mPlus[39m[33m,[3
9m [33mMusic[39m[33m
,[39m [33mImage[39m 
[36mas[39m [33mImage
Icon[39m[33m,[39m [
33mArchive[39m[33m,[
39m [33mFileText[39m
[33m,[39m [33mCheckCi
rcle2[39m[33m,[39m 
[33mHistory[39m[33m,
[39m 
[33mExternalLink[39m 
} [36mfrom[39m [32m"
lucide-react"[39m
[31m[1m>[22m[39m[9
0m  7 |[39m 
[36mimport[39m { 
toast } [36mfrom[39m 
[32m"sonner"[39m
 [90m    |[39m [31m
[1m^[22m[39m[31m[1m
^[22m[39m[31m[1m^[
22m[39m[31m[1m^[22m
[39m[31m[1m^[22m[3
9m[31m[1m^[22m[39m
[31m[1m^[22m[39m[31
m[1m^[22m[39m[31m[
1m^[22m[39m[31m[1m^
[22m[39m[31m[1m^[2
2m[39m[31m[1m^[22m
[39m[31m[1m^[22m[39
m[31m[1m^[22m[39m[
31m[1m^[22m[39m[31m
[1m^[22m[39m[31m[1
m^[22m[39m[31m[1m^
[22m[39m[31m[1m^[22
m[39m[31m[1m^[22m[
39m[31m[1m^[22m[39m
[31m[1m^[22m[39m[3
1m[1m^[22m[39m[31m
[1m^[22m[39m[31m[1m
^[22m[39m[31m[1m^[
22m[39m[31m[1m^[22m
[39m[31m[1m^[22m[3
9m[31m[1m^[22m[39m
[31m[1m^[22m[39m
 [90m  8 |[39m 
[36mimport[39m 
[33mLink[39m 
[36mfrom[39m 
[32m"next/link"[39m
 [90m  9 |[39m
 [90m 10 |[39m 
[36mimport[39m { crea
teVaultAction[33m,[39
m 
addFilesRecordsAction 
} [36mfrom[39m [32m"
@/app/actions/vault"[3
9m[0m



Import trace:
  Server Component:
    ./src/components/up
loader.tsx
    ./src/app/page.tsx

https://nextjs.org/docs
/messages/module-not-fo
und


./src/components/vault-
viewer.tsx:6:1
Module not found: 
Can't resolve 'sonner'
[0m [90m 4 |[39m 
[36mimport[39m { 
motion } 
[36mfrom[39m [32m"fr
amer-motion"[39m
 [90m 5 |[39m 
[36mimport[39m { [33
mLock[39m[33m,[39m 
[33mUnlock[39m[33m,[
39m [33mLink[39m 
[36mas[39m [33mLinkI
con[39m[33m,[39m [3
3mDownload[39m[33m,[
39m [33mMusic[39m[33
m,[39m 
[33mImage[39m 
[36mas[39m [33mImage
Icon[39m[33m,[39m [
33mArchive[39m[33m,[
39m [33mFileText[39m
[33m,[39m [33mExterna
lLink[39m[33m,[39m 
[33mShieldAlert[39m[3
3m,[39m 
[33mTrash2[39m } 
[36mfrom[39m [32m"lu
cide-react"[39m
[31m[1m>[22m[39m[9
0m 6 |[39m 
[36mimport[39m { 
toast } [36mfrom[39m 
[32m"sonner"[39m
 [90m   |[39m [31m[
1m^[22m[39m[31m[1m^
[22m[39m[31m[1m^[2
2m[39m[31m[1m^[22m
[39m[31m[1m^[22m[39
m[31m[1m^[22m[39m[
31m[1m^[22m[39m[31m
[1m^[22m[39m[31m[1
m^[22m[39m[31m[1m^
[22m[39m[31m[1m^[22
m[39m[31m[1m^[22m[
39m[31m[1m^[22m[39m
[31m[1m^[22m[39m[3
1m[1m^[22m[39m[31m
[1m^[22m[39m[31m[1m
^[22m[39m[31m[1m^[
22m[39m[31m[1m^[22m
[39m[31m[1m^[22m[3
9m[31m[1m^[22m[39m
[31m[1m^[22m[39m[31
m[1m^[22m[39m[31m[
1m^[22m[39m[31m[1m^
[22m[39m[31m[1m^[2
2m[39m[31m[1m^[22m
[39m[31m[1m^[22m[39
m[31m[1m^[22m[39m[
31m[1m^[22m[39m
 [90m 7 |[39m 
[36mimport[39m { unlo
ckVaultAction[33m,[39
m deleteVaultAction } 
[36mfrom[39m [32m"@/
app/actions/vault"[39m
 [90m 8 |[39m 
[36mimport[39m { cn 
} [36mfrom[39m 
[32m"@/lib/utils"[39m
 [90m 9 |[39m[0m



Import trace:
  Server Component:
    ./src/components/va
ult-viewer.tsx
    ./src/app/v/[slug]/
page.tsx

https://nextjs.org/docs
/messages/module-not-fo
und


    at <unknown> (./src
/lib/utils.ts:1:1)
    at <unknown> (https
://nextjs.org/docs/mess
ages/module-not-found)
    at <unknown> (./src
/components/uploader.ts
x:6:1)
    at <unknown> (https
://nextjs.org/docs/mess
ages/module-not-found)
    at <unknown> (./src
/components/vault-viewe
r.tsx:5:1)
    at <unknown> (https
://nextjs.org/docs/mess
ages/module-not-found)
    at <unknown> (./src
/components/uploader.ts
x:4:1)
    at <unknown> (https
://nextjs.org/docs/mess
ages/module-not-found)
    at <unknown> (./src
/app/layout.tsx:3:1)
    at <unknown> (https
://nextjs.org/docs/mess
ages/module-not-found)
    at <unknown> (./src
/components/uploader.ts
x:7:1)
    at <unknown> (https
://nextjs.org/docs/mess
ages/module-not-found)
    at <unknown> (./src
/components/vault-viewe
r.tsx:6:1)
    at <unknown> (https
://nextjs.org/docs/mess
ages/module-not-found)
